[xcoater.com/index.html]
[backblue.gif]
[fade.gif]
[index.html]
[xcoater.com/favicon.ico]
[xcoater.com/upload/css/style46ec.css]
[dfs.yun300.cn/group1/M00/15/98/rBQBG1yZ0aOEPRaZAAAAAGqmAjE1702.js]
[static202.yun300.cn/public/wgt/coreLibs/cecc/interwords/interwords_zh_CN.min.js,handle.min.js,libs.min.js,render.minc715.js]
[xcoater.com/img/company_logo.png]
[xcoater.com/About.html]
[xcoater.com/Honor.html]
[xcoater.com/repository/image/-QDa7fRdRFqX81UjHgeR-Q.jpg_{i}xaf.jpg]
[xcoater.com/Partner.html]
[xcoater.com/intro/26.html]
[xcoater.com/intro/27.html]
[xcoater.com/intro/29.html]
[xcoater.com/intro/28.html]
[xcoater.com/intro/34.html]
[xcoater.com/Honor12.html]
[xcoater.com/repository/image/5DqFJECFTP61XpA_OcKXlQ.jpg_{i}xaf.jpg]
[xcoater.com/intro/30.html]
[xcoater.com/intro/31.html]
[xcoater.com/intro/32.html]
[xcoater.com/intro/33.html]
[xcoater.com/intro/37.html]
[xcoater.com/intro/24.html]
[xcoater.com/intro/25.html]
[xcoater.com/Video.html]
[xcoater.com/login1862.html]
[xcoater.com/Contact.html]
[xcoater.com/news/11/index.html]
[xcoater.com/news/10/index.html]
[xcoater.com/news/9/index.html]
[dfs.yun300.cn/group1/M00/1F/E6/rBQBHGFKzwyED0lEAAAAAAgFLqU891.png]
[dfs.yun300.cn/group1/M00/06/F0/rBQBHWFKz0eEXOxCAAAAAOkLPBM980.png]
[dfs.yun300.cn/group1/M00/06/F0/rBQBHWFKzi-EbGkuAAAAAMzwAYE657.png]
[xcoater.com/repository/image/08ea2c3b-f0b4-4601-8ed0-b2cdd1673ff3.png]
[xcoater.com/repository/image/5f83c3b8-a62b-4f5a-b26a-f27aeb0960a7.jpg]
[xcoater.com/repository/image/b60251b2-62c7-495a-828a-f834f7433ccc.png]
[xcoater.com/repository/image/a49f4e5e-91b1-4056-9cea-5a7d54c0356d.jpg]
[xcoater.com/repository/image/f7c4349a-28cb-4a06-8874-15b40c2209bf.png]
[xcoater.com/repository/image/a644741a-1985-4227-bcb9-4971ecaf305f.jpg]
[img202.yun300.cn/repository/image/NFa_uQVLQh6cKd3xNu-YFAc5b9.png]
[dfs.yun300.cn/group1/M00/1A/B8/rBQBG2FK5euEbI86AAAAABKe5Pk994.png]
[dfs.yun300.cn/group1/M00/1A/B8/rBQBG2FL1LWEHk9jAAAAAEMJFSg155.png]
[img202.yun300.cn/repository/image/cf73a77c-207f-4617-ae38-86113f4e445dc5b9.png]
[img202.yun300.cn/repository/image/effded6e-5bfd-44c9-9972-15537cd7ec61c5b9.png]
[img202.yun300.cn/img/homepage276d9.png]
[dfs.yun300.cn/group1/M00/19/C9/rBQBHF3c4AqEC9w2AAAAAGmyH7Q649.css]
[img202.yun300.cn/repository/image/760c1069-671a-4960-9477-c77b23294962c5b9.png]
[img202.yun300.cn/repository/image/bfa1947c-d1cb-46de-bd30-f322029a68b5c5b9.png]
[img202.yun300.cn/repository/image/fdbc88c6-868f-4928-84b8-2c1e861fb176c5b9.png]
[img202.yun300.cn/repository/image/e4d291ea-572d-468f-87fa-b38c55b8a850c5b9.png]
[img202.yun300.cn/img/688a76d9.png]
[img202.yun300.cn/repository/image/760c1069-671a-4960-9477-c77b23294962.png_{i}xaf76d9.png]
[xcoater.com/news/64.html]
[xcoater.com/news/63.html]
[xcoater.com/news/62.html]
[xcoater.com/news/61.html]
[img202.yun300.cn/img/bolo276d9.png]
[xcoater.com/news/60.html]
[img202.yun300.cn/img/ercode376d9.png]
[dfs.yun300.cn/group1/M00/1F/E6/rBQBHGFK1BCESOAMAAAAAMHQHTs079.png]
[dfs.yun300.cn/group1/M00/06/F0/rBQBHWFK1EaEP8drAAAAAGVOuzM645.png]
[dfs.yun300.cn/group1/M00/1A/B8/rBQBG2FK1FqEKvXnAAAAAEg7HXU186.png]
[dfs.yun300.cn/group1/M00/20/40/rBQBHGGkfReEDzrzAAAAALl5sE0761.png]
[xcoater.com/index.html]
[xcoater.com/upload/js/wow.mine886.js]
[static202.yun300.cn/public/css/cecc/animate.css,iconfont.css,bootstrap.min.css,response.mind6e4.css]
[static202.yun300.cn/css/site_impt_rd6e4.css]
[static202.yun300.cn/img/camera28cf.png]
[static202.yun300.cn/css/ftmpl_impt_19060f82-679e-4e33-bf56-32747883a57fd6e4.css]
[static202.yun300.cn/img/688a28cf.jpg]
[static202.yun300.cn/css/page_impt_blank0d6e4.css]
[xcoater.com/upload/css/style46ec.css]
[img202.yun300.cn/repository/image/7c82dc8f-30d6-419d-855e-2f733c04b220c5b9.jpg]
[xcoater.com/upload/css/styleaec3.css]
[dfs.yun300.cn/group1/M00/1F/E7/rBQBHGFL4FaETqnKAAAAAMEyrOg168.png]
[img202.yun300.cn/img/11976d9.png]
[xcoater.com/About.html]
[xcoater.com/upload/js/wow.minbd6c.js]
[xcoater.com/upload/css/styleb4b7.css]
[xcoater.com/repository/image/6df287ca-9893-480f-b33f-9d230d2081ed.jpg]
[img202.yun300.cn/repository/image/6df287ca-9893-480f-b33f-9d230d2081ed.jpg_{i}xaf76d9.jpg]
[xcoater.com/repository/image/8a52be27-3c42-4abf-b507-da43fc8c47e7.jpg]
[img202.yun300.cn/repository/image/8a52be27-3c42-4abf-b507-da43fc8c47e7.jpeg_{i}xaf76d9.jpg]
[xcoater.com/repository/image/133b8c0a-1b52-44ee-84e5-e9001aab1212.png]
[img202.yun300.cn/repository/image/133b8c0a-1b52-44ee-84e5-e9001aab1212.png_{i}xaf76d9.png]
[xcoater.com/repository/image/99f61e8f-4da0-438b-b9d5-f57cff35a9f7.jpg]
[img202.yun300.cn/repository/image/99f61e8f-4da0-438b-b9d5-f57cff35a9f7.jpg_{i}xaf76d9.jpg]
[xcoater.com/repository/image/1a7e1f2a-3363-4c94-8531-0304f8b39904.jpg]
[img202.yun300.cn/repository/image/1a7e1f2a-3363-4c94-8531-0304f8b39904.jpg_{i}xaf76d9.jpg]
[xcoater.com/repository/image/153c8d79-f11d-47db-b3bf-a8962be70c10.png]
[img202.yun300.cn/repository/image/153c8d79-f11d-47db-b3bf-a8962be70c10.png_{i}xaf76d9.png]
[xcoater.com/repository/image/310ac27e-bee6-4292-8813-510966fa225c.png]
[img202.yun300.cn/repository/image/310ac27e-bee6-4292-8813-510966fa225c.png_{i}xaf76d9.png]
[xcoater.com/repository/image/32c45b48-b9d5-4c1f-bfa3-2c0d9dbbecd1.png]
[img202.yun300.cn/repository/image/32c45b48-b9d5-4c1f-bfa3-2c0d9dbbecd1.png_{i}xaf76d9.png]
[xcoater.com/repository/image/109aab84-9832-48d4-9103-3d2c37348364.png]
[img202.yun300.cn/repository/image/109aab84-9832-48d4-9103-3d2c37348364.png_{i}xaf76d9.png]
[xcoater.com/repository/image/72f3ffb3-fee1-4c52-8d3e-595dee6e010d.png]
[img202.yun300.cn/repository/image/72f3ffb3-fee1-4c52-8d3e-595dee6e010d.png_{i}xaf76d9.png]
[xcoater.com/repository/image/95d169d2-a99c-488c-b51d-c89f79f894cd.png]
[img202.yun300.cn/repository/image/95d169d2-a99c-488c-b51d-c89f79f894cd.png_{i}xaf76d9.png]
[xcoater.com/repository/image/10085239-fb64-453f-98e0-5cef78b0a14b.png]
[img202.yun300.cn/repository/image/10085239-fb64-453f-98e0-5cef78b0a14b.png_{i}xaf76d9.png]
[xcoater.com/repository/image/b6250e5f-da09-42c5-a9dc-423c0d5cbfe3.png]
[img202.yun300.cn/repository/image/b6250e5f-da09-42c5-a9dc-423c0d5cbfe3.png_{i}xaf76d9.png]
[xcoater.com/repository/image/675b9e87-3658-4792-914e-3cc538b827ba.jpg]
[img202.yun300.cn/repository/image/675b9e87-3658-4792-914e-3cc538b827ba.jpg_{i}xaf76d9.jpg]
[dfs.yun300.cn/group1/M00/1A/0E/rBQBHV7wX1-EULjiAAAAAP8BVn48063.js]
[dfs.yun300.cn/group1/M00/1A/0E/rBQBHV7wX06EUZcpAAAAAMCFpFo274.css]
[xcoater.com/upload/js/wow.min9262.js]
[xcoater.com/Honor.html]
[xcoater.com/upload/css/styleaf6a.css]
[img202.yun300.cn/repository/image/z8tN7TA0RImPOMyRsqGYmwc5b9.jpg]
[img202.yun300.cn/repository/image/cd12e3f8-a7d8-4ba3-aa6b-2b2166f9993ec5b9.jpg]
[img202.yun300.cn/repository/image/a8225c7e-1e3f-419e-a77a-3b3a96023b25c5b9.jpg]
[img202.yun300.cn/repository/image/2425d236-b484-4c4b-ae6b-f4a5158cde49c5b9.jpg]
[img202.yun300.cn/repository/image/79d328b1-ed4c-4b86-ba03-683582a6e215c5b9.jpg]
[img202.yun300.cn/repository/image/8f33f63b-7603-45ea-bf0a-7839d1e4b770c5b9.jpg]
[img202.yun300.cn/repository/image/c2bd176a-6c3d-41c4-8dfe-713c20409a8fc5b9.jpg]
[img202.yun300.cn/repository/image/PEaQaiBpRaiU-tvj074OsAc5b9.jpg]
[xcoater.com/Partner.html]
[xcoater.com/upload/js/wow.minda4d.js]
[img202.yun300.cn/repository/image/69c60b00-d74e-4794-8710-e61ead097421c5b9.jpg]
[xcoater.com/upload/css/style265e.css]
[xcoater.com/intro/38.html]
[xcoater.com/public/css/iconfont.css]
[img.yun300.cn/group1/M00/17/52/rBQBG10WOmSEKwj0AAAAAM0kY2g866.png]
[img.yun300.cn/group1/M00/20/08/rBQBHGFvZnuEfQ8pAAAAALy9doo797.jpg]
[img.yun300.cn/group1/M00/1F/FF/rBQBHGFmv5CEAi9qAAAAAHXolwI802.png]
[img.yun300.cn/group1/M00/1F/FF/rBQBHGFmv4SEaWDVAAAAAIYCwys729.png]
[xcoater.com/upload/js/wow.min3136.js]
[xcoater.com/intro/26.html]
[img.yun300.cn/group1/M00/20/08/rBQBHGFvZwaERwEIAAAAAHgEGRg862.jpg]
[img.yun300.cn/group1/M00/1A/C3/rBQBG2FvZrmEXmZEAAAAAFg9Vkc071.jpg]
[xcoater.com/upload/css/stylec241.css]
[xcoater.com/repository/image/f59bb769-cf7a-48e1-a895-3f687371937d.jpg]
[xcoater.com/intro/27.html]
[xcoater.com/upload/js/wow.minbf8e.js]
[xcoater.com/upload/css/style89ae.css]
[img.yun300.cn/group1/M00/20/03/rBQBHGFpJpGEBgEAAAAAAM6JEWs812.jpg]
[img.yun300.cn/group1/M00/20/02/rBQBHGFpIk-ETj1-AAAAAMvNQoE237.jpg]
[xcoater.com/intro/28.html]
[img.yun300.cn/group1/M00/20/03/rBQBHGFpL0SEM-HmAAAAABvJiZE995.jpg]
[xcoater.com/upload/js/wow.min6799.js]
[img.yun300.cn/group1/M00/06/FB/rBQBHWFpIlaELTTBAAAAAC5yB6c430.jpg]
[xcoater.com/upload/css/style6118.css]
[xcoater.com/repository/image/c2e751f8-6c6e-49a1-88eb-a3c5a7cb454f.png]
[xcoater.com/repository/image/8488b3bd-57a8-4cb9-bf8d-14ff28325584.png]
[xcoater.com/repository/image/cd886af7-7444-4a76-bbca-354055a8cb0c.png]
[xcoater.com/repository/image/0805b34f-6802-4b01-b09e-a28689bd1294.png]
[xcoater.com/upload/js/wow.min8042.js]
[xcoater.com/intro/29.html]
[xcoater.com/upload/css/styleab9d.css]
[xcoater.com/repository/image/47d9e869-6017-4b6c-ad1f-1413eec3dfd5.jpg]
[xcoater.com/repository/image/fb4b4d99-3d0a-47ac-add6-b45ff12b91a1.jpg]
[xcoater.com/upload/js/wow.minde66.js]
[xcoater.com/intro/34.html]
[xcoater.com/upload/css/style1daf.css]
[xcoater.com/corpvideo/5.a9.delayed]
[img202.yun300.cn/repository/image/4f0ffde3-2018-473b-b32e-164c4fd579e4.png_{i}xaf76d9.png]
[xcoater.com/corpvideo/4.html]
[img202.yun300.cn/repository/image/21357e23-0dbf-4ae4-8cc3-ba27058f68c4.png_{i}xaf76d9.png]
[xcoater.com/corpvideo/8.ad.delayed]
[img202.yun300.cn/repository/image/8aa144ba-613a-47da-a960-1a22b7c20ef7.png_{i}xaf76d9.png]
[xcoater.com/corpvideo/6.af.delayed]
[img202.yun300.cn/repository/image/75c7a1fd-dc00-4bb1-9a41-b985083f85a4.png_{i}xaf76d9.png]
[xcoater.com/corpvideo/7.b1.delayed]
[img202.yun300.cn/repository/image/35133082-7e6b-483e-a793-833b01f7dc21.png_{i}xaf76d9.png]
[xcoater.com/corpvideo/9.b3.delayed]
[img202.yun300.cn/repository/image/32cd4e88-5430-4a5c-8d94-5a4b637868d2.png_{i}xaf76d9.png]
[xcoater.com/upload/js/wow.min18f6.js]
[xcoater.com/Honor12.html]
[xcoater.com/upload/css/style0ef0.css]
[img202.yun300.cn/repository/image/229b27ec-b8a9-4eb0-a58b-c65e495a39c7c5b9.jpg]
[img.yun300.cn/group1/M00/20/03/rBQBHGFpN3CEJX8wAAAAAG6qvdU542.jpg]
[img.yun300.cn/group1/M00/06/FC/rBQBHWFpOB-EUWssAAAAAJo5lp0924.jpg]
[xcoater.com/upload/js/wow.mina32e.js]
[xcoater.com/intro/30.html]
[xcoater.com/upload/css/style40b2.css]
[xcoater.com/repository/image/9b1709b3-7f74-4e26-9bbe-288d9ad2d8d6.png]
[img.yun300.cn/group1/M00/1A/C1/rBQBG2FpODWEeg5JAAAAAFpsc3Q081.jpg]
[xcoater.com/repository/image/50efc5f0-a7df-4cd4-ad02-2019cda0b5d1.png]
[img.yun300.cn/group1/M00/1A/C1/rBQBG2FpN-OESYD9AAAAAL7xtOc049.png]
[xcoater.com/repository/image/72d556d2-a830-4469-924e-78305352755d.jpg]
[xcoater.com/upload/js/wow.min1a9b.js]
[xcoater.com/intro/31.html]
[xcoater.com/upload/css/stylea701.css]
[img.yun300.cn/group1/M00/06/F7/rBQBHWFk_d6EP8ogAAAAACBcJLU840.jpg]
[img.yun300.cn/group1/M00/1F/FB/rBQBHGFk_HaEP-C-AAAAADEmB9k187.jpg]
[img.yun300.cn/group1/M00/06/F7/rBQBHWFk_IqEWAy3AAAAAKFMTjs335.jpg]
[img.yun300.cn/group1/M00/1F/FB/rBQBHGFk_JCEItOwAAAAAAlCQXE413.jpg]
[img.yun300.cn/group1/M00/1A/BE/rBQBG2Fk_JaEIGXDAAAAACIK690704.jpg]
[xcoater.com/upload/js/wow.mine4fb.js]
[xcoater.com/intro/32.html]
[img.yun300.cn/group1/M00/06/F7/rBQBHWFk_JSEIaOqAAAAAKgZljM866.jpg]
[xcoater.com/upload/css/stylea5de.css]
[xcoater.com/repository/image/2bf3c41a-9dc3-41fa-bd5f-1625685fd284.png]
[xcoater.com/upload/js/wow.min9d6e.js]
[xcoater.com/intro/33.html]
[img.yun300.cn/group1/M00/1F/FB/rBQBHGFk_JmEIUlBAAAAAF23JNM781.jpg]
[xcoater.com/upload/css/style316e.css]
[img.yun300.cn/group1/M00/1A/BE/rBQBG2FlAPGETXzFAAAAAI4GS5k807.jpg]
[xcoater.com/upload/js/wow.mincaa8.js]
[xcoater.com/intro/37.html]
[xcoater.com/upload/css/styleec96.css]
[img202.yun300.cn/repository/image/ee11a4b1-13d8-4f3c-8ec3-feb2c8a08932c5b9.jpg]
[img.yun300.cn/group1/M00/06/FD/rBQBHWFuWfCEXxPhAAAAAJtKCjU354.png]
[xcoater.com/upload/js/wow.min7444.js]
[xcoater.com/intro/24.html]
[xcoater.com/upload/css/style0970.css]
[xcoater.com/repository/image/c4f01a89-9b2a-4176-8135-83ab0b77026d.png]
[xcoater.com/intro/25.html]
[xcoater.com/upload/js/wow.minfec2.js]
[xcoater.com/upload/css/stylecac5.css]
[xcoater.com/upload/js/wow.min310a.js]
[xcoater.com/Video.html]
[xcoater.com/upload/css/style28e8.css]
[xcoater.com/Register.html]
[xcoater.com/login1862.html]
[xcoater.com/forget.html]
[xcoater.com/upload/js/wow.mine037.js]
[img202.yun300.cn/repository/image/KBY9BwFTRu-Ej3sx0q5Pvgc5b9.jpg]
[xcoater.com/upload/css/stylef874.css]
[img202.yun300.cn/repository/image/cd886af7-7444-4a76-bbca-354055a8cb0cc5b9.png]
[img202.yun300.cn/repository/image/5af251a9-7a5c-4f3a-ab67-7bbf7d0ad80ac5b9.png]
[img202.yun300.cn/repository/image/a644741a-1985-4227-bcb9-4971ecaf305fc5b9.jpg]
[xcoater.com/news/59.html]
[xcoater.com/news/58.html]
[img202.yun300.cn/repository/image/bbeb8081-fb6b-4824-881d-4bf44a1c11e1c5b9.jpg]
[xcoater.com/news/57.html]
[xcoater.com/news/56.html]
[dfs.yun300.cn/group1/M00/19/C8/rBQBHF3c0QKEZzkiAAAAACS-P-c8284.js]
[xcoater.com/upload/js/wow.minb740.js]
[xcoater.com/news/9/index.html]
[xcoater.com/upload/css/stylea919.css]
[xcoater.com/news/55.html]
[img202.yun300.cn/repository/image/e0c88267-a19b-4630-baca-fa3152826609c5b9.jpg]
[xcoater.com/news/49.html]
[xcoater.com/news/50.html]
[xcoater.com/news/51.html]
[img202.yun300.cn/repository/image/1cf20829-4823-4d90-b58b-e4c942376ac5c5b9.jpg]
[xcoater.com/news/39.html]
[img202.yun300.cn/repository/image/73887085-8d77-43c3-8bec-882a93db84a9c5b9.png]
[xcoater.com/news/38.html]
[xcoater.com/upload/js/wow.min0ce8.js]
[xcoater.com/news/10/index.html]
[xcoater.com/upload/css/stylece4b.css]
[xcoater.com/news/54.html]
[xcoater.com/news/53.html]
[img202.yun300.cn/repository/image/38140849-d361-4475-a0f3-fd9ff216b7d5c5b9.jpg]
[xcoater.com/news/52.html]
[xcoater.com/upload/js/wow.minbfbb.js]
[xcoater.com/news/11/index.html]
[xcoater.com/upload/css/style5d60.css]
[img202.yun300.cn/repository/image/ff5de2b4-8717-4b98-ad1b-360c2f96fad1c5b9.jpg]
[webapi.amap.com/demos/js/liteToolbar.js]
[xcoater.com/upload/js/wow.minb3d6.js]
[xcoater.com/Contact.html]
[dfs.yun300.cn/group1/M00/19/C9/rBQBHF3c4AqEC9w2AAAAAGmyH7Q649.css]
[xcoater.com/upload/css/stylebffe.css]
[static.bshare.cn/b/buttonLite.js]
[static.bshare.cn/b/bshareC0.js]
[xcoater.com/repository/image/760c1069-671a-4960-9477-c77b23294962.png]
[xcoater.com/upload/js/wow.mina1c7.js]
[xcoater.com/news/64.html]
[xcoater.com/upload/css/style31f3.css]
[xcoater.com/upload/js/wow.min339e.js]
[xcoater.com/news/63.html]
[xcoater.com/upload/css/style0375.css]
[xcoater.com/repository/image/5af251a9-7a5c-4f3a-ab67-7bbf7d0ad80a.png]
[xcoater.com/upload/js/wow.mindbed.js]
[xcoater.com/news/62.html]
[xcoater.com/upload/css/style53c5.css]
[xcoater.com/upload/js/wow.min47cb.js]
[xcoater.com/news/61.html]
[xcoater.com/upload/css/style94e6.css]
[xcoater.com/upload/js/wow.minbff2.js]
[xcoater.com/news/60.html]
[static202.yun300.cn/public/css/cecc/iconfont88d2.eot]
[static202.yun300.cn/public/css/cecc/iconfont88d2.woff]
[static202.yun300.cn/public/css/cecc/iconfont88d2.ttf]
[static202.yun300.cn/public/css/cecc/iconfont88d2.svg]
[static202.yun300.cn/img/xy_dh_bg28cf.html]
[static202.yun300.cn/img/4928cf.jpg]
[static202.yun300.cn/css/page_impt_Aboutd6e4.css]
[xcoater.com/upload/css/styleaec3.css]
[static202.yun300.cn/css/page_impt_Honord6e4.css]
[xcoater.com/upload/css/styleb4b7.css]
[dfs.yun300.cn/group1/M00/1A/0E/rBQBHV7wX06EUZcpAAAAAMCFpFo274.css]
[dfs.yun300.cn/group1/M00/19/63/rBQBG18D6C2EAfkGAAAAAL9Jtxs81628cf.png]
[static202.yun300.cn/css/page_impt_Partnerd6e4.css]
[xcoater.com/upload/css/styleaf6a.css]
[static202.yun300.cn/css/page_impt_Honor1d6e4.css]
[xcoater.com/upload/css/style265e.css]
[xcoater.com/upload/css/style119e.css]
[img.yun300.cn/group1/M00/1A/C0/rBQBG2FmuK-EKrNVAAAAAP91ODk749.png]
[img.yun300.cn/group1/M00/1A/C0/rBQBG2Fmt7eEDiv_AAAAAChPj5c164.png]
[img.yun300.cn/group1/M00/1F/FF/rBQBHGFmuMiEF_aSAAAAAG9StL8327.png]
[xcoater.com/upload/js/wow.minfaac.js]
[xcoater.com/intro/38.html]
[img.yun300.cn/group1/M00/1F/FF/rBQBHGFmuNaEISqdAAAAAO3sadM233.png]
[xcoater.com/public/css/iconfont88d2.woff]
[xcoater.com/public/css/iconfont88d2.eot]
[xcoater.com/public/css/iconfont88d2.ttf]
[xcoater.com/public/css/iconfont.css]
[xcoater.com/upload/css/stylec241.css]
[xcoater.com/upload/css/style89ae.css]
[xcoater.com/upload/css/style6118.css]
[xcoater.com/upload/css/styleab9d.css]
[xcoater.com/public/css/iconfont88d2.svg]
[static202.yun300.cn/css/page_impt_Honor12d6e4.css]
[xcoater.com/upload/css/style1daf.css]
[xcoater.com/corpvideo/5.html]
[xcoater.com/corpvideo/4.html]
[xcoater.com/corpvideo/8.html]
[xcoater.com/corpvideo/6.html]
[xcoater.com/corpvideo/7.html]
[xcoater.com/corpvideo/9.html]
[static202.yun300.cn/css/page_impt_Honor11d6e4.css]
[xcoater.com/upload/css/style0ef0.css]
[xcoater.com/upload/css/style40b2.css]
[xcoater.com/upload/css/stylea701.css]
[xcoater.com/upload/css/stylea5de.css]
[xcoater.com/upload/css/style316e.css]
[static202.yun300.cn/css/page_impt_Honor111d6e4.css]
[xcoater.com/upload/css/styleec96.css]
[xcoater.com/upload/css/style0970.css]
[static202.yun300.cn/css/page_impt_Videod6e4.css]
[xcoater.com/upload/css/stylecac5.css]
[static202.yun300.cn/css/page_impt_ind6e4.css]
[xcoater.com/upload/css/style28e8.css]
[dfs.yun300.cn/group1/M00/03/FC/rBQBHVy3xleEA5sKAAAAAD68npA66028cf.png]
[xcoater.com/upload/css/style2ea8.css]
[xcoater.com/captcha/get.gif]
[xcoater.com/Register.html]
[xcoater.com/upload/js/wow.min6300.js]
[xcoater.com/upload/css/style1157.css]
[xcoater.com/login.html]
[xcoater.com/forget.html]
[static202.yun300.cn/css/page_impt_Honor1111d6e4.css]
[xcoater.com/upload/css/stylef874.css]
[xcoater.com/upload/js/wow.min1173.js]
[xcoater.com/upload/css/style739c.css]
[xcoater.com/news/59.html]
[xcoater.com/upload/js/wow.min920b.js]
[xcoater.com/upload/css/style0e2d.css]
[xcoater.com/news/58.html]
[xcoater.com/upload/js/wow.minea72.js]
[xcoater.com/upload/css/style42a9.css]
[xcoater.com/news/57.html]
[xcoater.com/upload/js/wow.minf407.js]
[xcoater.com/upload/css/styleefe7.css]
[xcoater.com/repository/image/bbeb8081-fb6b-4824-881d-4bf44a1c11e1.jpg]
[xcoater.com/news/56.html]
[xcoater.com/upload/css/stylea919.css]
[xcoater.com/upload/js/wow.minb23d.js]
[xcoater.com/upload/css/styled87f.css]
[xcoater.com/news/55.html]
[xcoater.com/upload/js/wow.min8162.js]
[xcoater.com/upload/css/style882b.css]
[xcoater.com/repository/image/e0c88267-a19b-4630-baca-fa3152826609.jpg]
[xcoater.com/repository/image/e08638eb-5f69-4682-8e01-2b81b5eb93a1.jpg]
[xcoater.com/repository/image/d62a6c11-17cc-4ea0-902e-6542820f2c8f.jpg]
[xcoater.com/repository/image/93192e02-401f-45ec-9b69-4b885ac907fa.jpg]
[xcoater.com/repository/image/7be71600-e99b-4796-a021-0ede23078a35.jpg]
[xcoater.com/repository/image/b8a94533-7e2e-4b0f-bfba-baca9dc31c11.jpg]
[xcoater.com/repository/image/a16baf39-3032-41e3-919e-6c474b8ac182.jpg]
[xcoater.com/repository/image/1eb4eef1-db1c-486e-b197-47e219ad7e50.jpg]
[xcoater.com/repository/image/c3d18549-8f18-4e08-83d5-1cbab203829f.jpg]
[xcoater.com/repository/image/19131642-2f81-48b4-8543-e99f9c3929b8.jpg]
[xcoater.com/repository/image/084ef05d-b0c1-40a9-b0e7-fc77f6574fbc.jpg]
[xcoater.com/repository/image/344ae004-5569-4cb7-8882-8b93e1468961.jpg]
[xcoater.com/repository/image/08aea7d9-64eb-49f6-b32b-a7d284623df4.jpg]
[xcoater.com/repository/image/20d33970-1ab6-4a14-a09c-8d98ce2db357.jpg]
[xcoater.com/upload/js/wow.minc947.js]
[xcoater.com/news/49.html]
[xcoater.com/upload/css/style3f2a.css]
[xcoater.com/upload/js/wow.min7b47.js]
[xcoater.com/news/50.html]
[xcoater.com/upload/css/style9d83.css]
[xcoater.com/news/51.html]
[xcoater.com/upload/js/wow.min2bd0.js]
[xcoater.com/upload/css/stylec484.css]
[xcoater.com/repository/image/73887085-8d77-43c3-8bec-882a93db84a9.png]
[xcoater.com/news/39.html]
[xcoater.com/upload/js/wow.min147e.js]
[xcoater.com/upload/css/stylebe0b.css]
[xcoater.com/news/37.html]
[xcoater.com/upload/js/wow.mine6fa.js]
[xcoater.com/news/38.html]
[xcoater.com/upload/css/stylece4b.css]
[xcoater.com/upload/css/style5955.css]
[xcoater.com/news/54.html]
[xcoater.com/upload/js/wow.minf133.js]
[xcoater.com/upload/css/stylebbf2.css]
[xcoater.com/repository/image/38140849-d361-4475-a0f3-fd9ff216b7d5.jpg]
[xcoater.com/upload/js/wow.min710c.js]
[xcoater.com/news/53.html]
[xcoater.com/upload/css/style2977.css]
[xcoater.com/news/48.html]
[xcoater.com/news/52.html]
[static202.yun300.cn/css/page_impt_Contactd6e4.css]
[xcoater.com/upload/css/style5d60.css]
[xcoater.com/upload/js/wow.min7959.js]
[static202.yun300.cn/css/page_impt_Honor11111d6e4.css]
[xcoater.com/upload/css/stylebffe.css]
[xcoater.com/upload/css/style31f3.css]
[xcoater.com/upload/css/style0375.css]
[xcoater.com/upload/css/style53c5.css]
[xcoater.com/upload/css/style94e6.css]
[xcoater.com/upload/css/style119e.css]
[xcoater.com/public/css/iconfont88d2.svg]
[static202.yun300.cn/css/page_impt_Registerd6e4.css]
[xcoater.com/upload/css/style2ea8.css]
[static202.yun300.cn/css/page_impt_forgetd6e4.css]
[xcoater.com/upload/css/style1157.css]
[dfs.yun300.cn/group1/M00/1C/51/rBQBHF7pu42EaWj5AAAAALKICmY93328cf.jpg]
[xcoater.com/upload/css/style1b60.css]
[xcoater.com/login.html]
[xcoater.com/upload/css/style739c.css]
[xcoater.com/upload/css/style0e2d.css]
[xcoater.com/upload/css/style42a9.css]
[xcoater.com/upload/css/styleefe7.css]
[xcoater.com/upload/js/wow.minef55.js]
[xcoater.com/upload/css/styled87f.css]
[xcoater.com/upload/css/style882b.css]
[xcoater.com/upload/css/style3f2a.css]
[xcoater.com/upload/css/style9d83.css]
[xcoater.com/upload/css/stylec484.css]
[xcoater.com/upload/css/stylebe0b.css]
[xcoater.com/upload/css/style45dd.css]
[xcoater.com/repository/image/78f1cbc1-dca7-4949-9ea7-cfc4f02d4738.jpg]
[xcoater.com/news/37.html]
[xcoater.com/upload/css/style5955.css]
[xcoater.com/upload/css/stylebbf2.css]
[xcoater.com/upload/css/style2977.css]
[xcoater.com/news/36.html]
[xcoater.com/upload/js/wow.min7f44.js]
[xcoater.com/upload/css/stylecc10.css]
[xcoater.com/news/48.html]
[xcoater.com/upload/css/style1b60.css]
[xcoater.com/upload/css/style45dd.css]
[xcoater.com/news/47.html]
[xcoater.com/upload/js/wow.mincc62.js]
[xcoater.com/upload/css/style1e19.css]
[xcoater.com/repository/image/f79fa0c9-e368-4939-a026-083827a295e7.jpg]
[xcoater.com/news/35.html]
[xcoater.com/news/36.html]
[xcoater.com/upload/css/stylecc10.css]
[xcoater.com/upload/js/wow.min7565.js]
[xcoater.com/upload/css/style0309.css]
[xcoater.com/news/47.html]
[xcoater.com/upload/css/style1e19.css]
[xcoater.com/upload/js/wow.min3487.js]
[xcoater.com/news/46.html]
[xcoater.com/upload/css/stylec16b.css]
[xcoater.com/news/29.html]
[xcoater.com/news/35.html]
[xcoater.com/upload/css/style0309.css]
[xcoater.com/upload/js/wow.minad06.js]
[xcoater.com/upload/css/stylecde9.css]
[xcoater.com/news/46.html]
[xcoater.com/upload/css/stylec16b.css]
[xcoater.com/news/45.html]
[xcoater.com/upload/js/wow.mine1aa.js]
[xcoater.com/upload/css/styledc32.css]
[xcoater.com/news/29.html]
[xcoater.com/upload/css/stylecde9.css]
[xcoater.com/upload/js/wow.minba7f.js]
[xcoater.com/news/26.html]
[xcoater.com/upload/css/style192c.css]
[xcoater.com/news/44.html]
[xcoater.com/news/45.html]
[xcoater.com/upload/css/styledc32.css]
[xcoater.com/upload/js/wow.min671d.js]
[xcoater.com/upload/css/stylede0c.css]
[xcoater.com/news/26.html]
[xcoater.com/upload/css/style192c.css]
[xcoater.com/news/25.html]
[xcoater.com/upload/js/wow.mine925.js]
[xcoater.com/upload/css/style9664.css]
[xcoater.com/news/43.html]
[xcoater.com/news/44.html]
[xcoater.com/upload/css/stylede0c.css]
[xcoater.com/upload/js/wow.minb60d.js]
[xcoater.com/upload/css/style0d41.css]
[xcoater.com/news/25.html]
[xcoater.com/upload/css/style9664.css]
[xcoater.com/upload/js/wow.min3c1b.js]
[xcoater.com/upload/css/stylec0ab.css]
[xcoater.com/news/43.html]
[xcoater.com/upload/css/style0d41.css]
[xcoater.com/upload/css/stylec0ab.css]
[xcoater.com/news/42.html]
[xcoater.com/upload/js/wow.minb16a.js]
[xcoater.com/upload/css/style980a.css]
[xcoater.com/news/41.html]
[xcoater.com/news/42.html]
[xcoater.com/upload/css/style980a.css]
[xcoater.com/upload/js/wow.min48a2.js]
[xcoater.com/upload/css/stylea65d.css]
[xcoater.com/news/40.html]
[xcoater.com/news/41.html]
[xcoater.com/upload/css/stylea65d.css]
[xcoater.com/upload/js/wow.minaa34.js]
[xcoater.com/upload/css/stylef342.css]
[xcoater.com/news/40.html]
[xcoater.com/upload/css/stylef342.css]
[xcoater.com/upload/js/wow.min589e.js]
